// Jest Snapshot v1, https://goo.gl/fbAQLP

exports[`should render ExpenseList with empty message 1`] = `
<div>
  <h1>
    Expense List
  </h1>
  <div>
    <p>
      No expenses.
    </p>
  </div>
</div>
`;

exports[`should render ExpenseList with expenses 1`] = `
<div>
  <h1>
    Expense List
  </h1>
  <div>
    <ExpenseListItem
      amount={350}
      createdAt={-345600000}
      description="Gumming"
      id="1"
      key="1"
      note="Shiz just keeps on..."
    />
    <ExpenseListItem
      amount={1790}
      createdAt={345600000}
      description="Yummy"
      id="2"
      key="2"
      note="Deluxe package espana"
    />
    <ExpenseListItem
      amount={6000}
      createdAt={10000}
      description="So weak"
      id="3"
      key="3"
      note="meh"
    />
  </div>
</div>
`;
