// Jest Snapshot v1, https://goo.gl/fbAQLP

exports[`should render [simple] Header correctly 1`] = `
<header>
  <h1>
    Expensify
  </h1>
  <ul>
    <li>
      <NavLink
        activeClassName="is-active"
        aria-current="page"
        exact={true}
        to="/"
      >
        Home
      </NavLink>
    </li>
    <li>
      <NavLink
        activeClassName="is-active"
        aria-current="page"
        to="/dashboard"
      >
        Dashboard
      </NavLink>
    </li>
    <li>
      <NavLink
        activeClassName="is-active"
        aria-current="page"
        to="/create"
      >
        Create
      </NavLink>
    </li>
    <li>
      <NavLink
        activeClassName="is-active"
        aria-current="page"
        to="/edit"
      >
        Edit
      </NavLink>
    </li>
    <li>
      <NavLink
        activeClassName="is-active"
        aria-current="page"
        to="/help"
      >
        Help
      </NavLink>
    </li>
    <button
      onClick={
        [MockFunction] {
          "calls": Array [
            Array [],
          ],
          "results": Array [
            Object {
              "isThrow": false,
              "value": undefined,
            },
          ],
        }
      }
    >
      Logout
    </button>
  </ul>
</header>
`;
